#
# There is insufficient memory for the Java Runtime Environment to continue.
# Native memory allocation (malloc) failed to allocate 2139296 bytes for Chunk::new
# Possible reasons:
#   The system is out of physical RAM or swap space
#   The process is running with CompressedOops enabled, and the Java Heap may be blocking the growth of the native heap
# Possible solutions:
#   Reduce memory load on the system
#   Increase physical memory or swap space
#   Check if swap backing store is full
#   Decrease Java heap size (-Xmx/-Xms)
#   Decrease number of Java threads
#   Decrease Java thread stack sizes (-Xss)
#   Set larger code cache with -XX:ReservedCodeCacheSize=
#   JVM is running with Unscaled Compressed Oops mode in which the Java heap is
#     placed in the first 4GB address space. The Java Heap base address is the
#     maximum limit for the native heap growth. Please use -XX:HeapBaseMinAddress
#     to set the Java Heap base and to place the Java Heap above 4GB virtual address.
# This output file may be truncated or incomplete.
#
#  Out of Memory Error (arena.cpp:189), pid=4008, tid=23300
#
# JRE version: Java(TM) SE Runtime Environment (17.0.13+10) (build 17.0.13+10-LTS-268)
# Java VM: Java HotSpot(TM) 64-Bit Server VM (17.0.13+10-LTS-268, mixed mode, sharing, tiered, compressed oops, compressed class ptrs, g1 gc, windows-amd64)
# No core dump will be written. Minidumps are not enabled by default on client versions of Windows
#

---------------  S U M M A R Y ------------

Command Line: --add-opens=java.base/java.lang=ALL-UNNAMED --add-opens=java.base/java.lang.invoke=ALL-UNNAMED --add-opens=java.base/java.util=ALL-UNNAMED --add-opens=java.prefs/java.util.prefs=ALL-UNNAMED --add-exports=jdk.compiler/com.sun.tools.javac.api=ALL-UNNAMED --add-exports=jdk.compiler/com.sun.tools.javac.util=ALL-UNNAMED --add-opens=java.base/java.util=ALL-UNNAMED --add-opens=java.prefs/java.util.prefs=ALL-UNNAMED --add-opens=java.base/java.nio.charset=ALL-UNNAMED --add-opens=java.base/java.net=ALL-UNNAMED --add-opens=java.base/java.util.concurrent.atomic=ALL-UNNAMED --add-opens=java.xml/javax.xml.namespace=ALL-UNNAMED -XX:MaxMetaspaceSize=512m -Xmx2048m -Dfile.encoding=windows-1252 -Duser.country=US -Duser.language=en -Duser.variant -javaagent:C:\Users\HP\.gradle\wrapper\dists\gradle-8.13-bin\5xuhj0ry160q40clulazy9h7d\gradle-8.13\lib\agents\gradle-instrumentation-agent-8.13.jar org.gradle.launcher.daemon.bootstrap.GradleDaemon 8.13

Host: 11th Gen Intel(R) Core(TM) i5-1145G7 @ 2.60GHz, 8 cores, 15G,  Windows 11 , 64 bit Build 26100 (10.0.26100.8521)
Time: Mon Jul 13 11:27:11 2026 Pakistan Standard Time elapsed time: 19.501146 seconds (0d 0h 0m 19s)

---------------  T H R E A D  ---------------

Current thread (0x0000025b82fefa80):  JavaThread "C2 CompilerThread2" daemon [_thread_in_native, id=23300, stack(0x000000d79ed00000,0x000000d79ee00000)]


Current CompileTask:
C2:  19501 3806   !   4       java.net.URLClassLoader::findClass (47 bytes)

Stack: [0x000000d79ed00000,0x000000d79ee00000]
Native frames: (J=compiled Java code, j=interpreted, Vv=VM code, C=native code)
V  [jvm.dll+0x67a23a]
V  [jvm.dll+0x7da96d]
V  [jvm.dll+0x7dc2b3]
V  [jvm.dll+0x7dc923]
V  [jvm.dll+0x2450ef]
V  [jvm.dll+0xab793]
V  [jvm.dll+0xabd5c]
V  [jvm.dll+0x361d5e]
V  [jvm.dll+0x32c491]
V  [jvm.dll+0x32b92a]
V  [jvm.dll+0x21689f]
V  [jvm.dll+0x215ccf]
V  [jvm.dll+0x1a2980]
V  [jvm.dll+0x22616b]
V  [jvm.dll+0x22430b]
V  [jvm.dll+0x790a8c]
V  [jvm.dll+0x78af1a]
V  [jvm.dll+0x679125]
C  [ucrtbase.dll+0x2cd30]
C  [KERNEL32.DLL+0x2e957]
C  [ntdll.dll+0x87c1c]


---------------  P R O C E S S  ---------------

Threads class SMR info:
_java_thread_list=0x0000025b83438c00, length=31, elements={
0x0000025bc27353c0, 0x0000025be098a9f0, 0x0000025be098b0d0, 0x0000025be0ab48c0,
0x0000025be0ab4da0, 0x0000025be0ab5280, 0x0000025be0ab9770, 0x0000025be0aba390,
0x0000025be0abc8c0, 0x0000025be0ad55e0, 0x0000025be0bd35d0, 0x0000025be0bd6360,
0x0000025be0bd6870, 0x0000025be0bd30c0, 0x0000025be0bd5940, 0x0000025be0bd4a10,
0x0000025be0bd4500, 0x0000025be0bd4f20, 0x0000025be0bd5430, 0x0000025b81a85090,
0x0000025b81a864d0, 0x0000025b81a87910, 0x0000025b81a86ef0, 0x0000025b81a869e0,
0x0000025b81a87400, 0x0000025b81a84160, 0x0000025b81a84670, 0x0000025b830f1a50,
0x0000025b81a855a0, 0x0000025b81a85ab0, 0x0000025b82fefa80
}

Java Threads: ( => current thread )
  0x0000025bc27353c0 JavaThread "main" [_thread_blocked, id=29412, stack(0x000000d79bf00000,0x000000d79c000000)]
  0x0000025be098a9f0 JavaThread "Reference Handler" daemon [_thread_blocked, id=25784, stack(0x000000d79c600000,0x000000d79c700000)]
  0x0000025be098b0d0 JavaThread "Finalizer" daemon [_thread_blocked, id=20004, stack(0x000000d79c700000,0x000000d79c800000)]
  0x0000025be0ab48c0 JavaThread "Signal Dispatcher" daemon [_thread_blocked, id=24040, stack(0x000000d79c800000,0x000000d79c900000)]
  0x0000025be0ab4da0 JavaThread "Attach Listener" daemon [_thread_blocked, id=26500, stack(0x000000d79c900000,0x000000d79ca00000)]
  0x0000025be0ab5280 JavaThread "Service Thread" daemon [_thread_blocked, id=1756, stack(0x000000d79ca00000,0x000000d79cb00000)]
  0x0000025be0ab9770 JavaThread "Monitor Deflation Thread" daemon [_thread_blocked, id=2176, stack(0x000000d79cb00000,0x000000d79cc00000)]
  0x0000025be0aba390 JavaThread "C2 CompilerThread0" daemon [_thread_blocked, id=26672, stack(0x000000d79cc00000,0x000000d79cd00000)]
  0x0000025be0abc8c0 JavaThread "C1 CompilerThread0" daemon [_thread_blocked, id=18840, stack(0x000000d79cd00000,0x000000d79ce00000)]
  0x0000025be0ad55e0 JavaThread "Sweeper thread" daemon [_thread_blocked, id=25896, stack(0x000000d79ce00000,0x000000d79cf00000)]
  0x0000025be0bd35d0 JavaThread "Common-Cleaner" daemon [_thread_blocked, id=10352, stack(0x000000d79cf00000,0x000000d79d000000)]
  0x0000025be0bd6360 JavaThread "Notification Thread" daemon [_thread_blocked, id=4120, stack(0x000000d79d000000,0x000000d79d100000)]
  0x0000025be0bd6870 JavaThread "Daemon health stats" [_thread_blocked, id=17000, stack(0x000000d79d900000,0x000000d79da00000)]
  0x0000025be0bd30c0 JavaThread "Incoming local TCP Connector on port 49926" [_thread_in_native, id=5732, stack(0x000000d79d200000,0x000000d79d300000)]
  0x0000025be0bd5940 JavaThread "Daemon periodic checks" [_thread_blocked, id=21584, stack(0x000000d79da00000,0x000000d79db00000)]
  0x0000025be0bd4a10 JavaThread "Daemon" [_thread_blocked, id=14908, stack(0x000000d79db00000,0x000000d79dc00000)]
  0x0000025be0bd4500 JavaThread "Handler for socket connection from /127.0.0.1:49926 to /127.0.0.1:49927" [_thread_in_native, id=22196, stack(0x000000d79dc00000,0x000000d79dd00000)]
  0x0000025be0bd4f20 JavaThread "Cancel handler" [_thread_blocked, id=11084, stack(0x000000d79dd00000,0x000000d79de00000)]
  0x0000025be0bd5430 JavaThread "Daemon worker" [_thread_in_Java, id=25248, stack(0x000000d79de00000,0x000000d79df00000)]
  0x0000025b81a85090 JavaThread "Asynchronous log dispatcher for DefaultDaemonConnection: socket connection from /127.0.0.1:49926 to /127.0.0.1:49927" [_thread_blocked, id=10548, stack(0x000000d79df00000,0x000000d79e000000)]
  0x0000025b81a864d0 JavaThread "Stdin handler" [_thread_blocked, id=15964, stack(0x000000d79e000000,0x000000d79e100000)]
  0x0000025b81a87910 JavaThread "Daemon client event forwarder" [_thread_blocked, id=21912, stack(0x000000d79e100000,0x000000d79e200000)]
  0x0000025b81a86ef0 JavaThread "Cache worker for journal cache (C:\Users\HP\.gradle\caches\journal-1)" [_thread_blocked, id=27164, stack(0x000000d79e200000,0x000000d79e300000)]
  0x0000025b81a869e0 JavaThread "File lock request listener" [_thread_in_native, id=24428, stack(0x000000d79e300000,0x000000d79e400000)]
  0x0000025b81a87400 JavaThread "Cache worker for file hash cache (C:\Users\HP\.gradle\caches\8.13\fileHashes)" [_thread_blocked, id=24020, stack(0x000000d79e400000,0x000000d79e500000)]
  0x0000025b81a84160 JavaThread "Cache worker for file hash cache (D:\Office\Kamran Qudeer\evenlyo Project\evenlyo-app\android\.gradle\8.13\fileHashes)" [_thread_blocked, id=26968, stack(0x000000d79e500000,0x000000d79e600000)]
  0x0000025b81a84670 JavaThread "Cache worker for Build Output Cleanup Cache (D:\Office\Kamran Qudeer\evenlyo Project\evenlyo-app\android\.gradle\buildOutputCleanup)" [_thread_blocked, id=19352, stack(0x000000d79e600000,0x000000d79e700000)]
  0x0000025b830f1a50 JavaThread "C2 CompilerThread1" daemon [_thread_blocked, id=25312, stack(0x000000d79e700000,0x000000d79e800000)]
  0x0000025b81a855a0 JavaThread "File watcher server" daemon [_thread_in_native, id=29536, stack(0x000000d79e800000,0x000000d79e900000)]
  0x0000025b81a85ab0 JavaThread "File watcher consumer" daemon [_thread_blocked, id=5312, stack(0x000000d79ec00000,0x000000d79ed00000)]
=>0x0000025b82fefa80 JavaThread "C2 CompilerThread2" daemon [_thread_in_native, id=23300, stack(0x000000d79ed00000,0x000000d79ee00000)]

Other Threads:
  0x0000025be09874a0 VMThread "VM Thread" [stack: 0x000000d79c500000,0x000000d79c600000] [id=2928]
  0x0000025bc27b8140 WatcherThread [stack: 0x000000d79d100000,0x000000d79d200000] [id=15832]
  0x0000025bc2790870 GCTaskThread "GC Thread#0" [stack: 0x000000d79c000000,0x000000d79c100000] [id=4560]
  0x0000025b802ef100 GCTaskThread "GC Thread#1" [stack: 0x000000d79d400000,0x000000d79d500000] [id=3776]
  0x0000025b80221760 GCTaskThread "GC Thread#2" [stack: 0x000000d79d500000,0x000000d79d600000] [id=17320]
  0x0000025b805d1930 GCTaskThread "GC Thread#3" [stack: 0x000000d79d600000,0x000000d79d700000] [id=26248]
  0x0000025b805d1bf0 GCTaskThread "GC Thread#4" [stack: 0x000000d79d700000,0x000000d79d800000] [id=19976]
  0x0000025b803d64e0 GCTaskThread "GC Thread#5" [stack: 0x000000d79d800000,0x000000d79d900000] [id=8208]
  0x0000025b8278fc70 GCTaskThread "GC Thread#6" [stack: 0x000000d79e900000,0x000000d79ea00000] [id=29676]
  0x0000025b80eab340 GCTaskThread "GC Thread#7" [stack: 0x000000d79ea00000,0x000000d79eb00000] [id=24760]
  0x0000025bc27a16d0 ConcurrentGCThread "G1 Main Marker" [stack: 0x000000d79c100000,0x000000d79c200000] [id=26224]
  0x0000025bc27a2cc0 ConcurrentGCThread "G1 Conc#0" [stack: 0x000000d79c200000,0x000000d79c300000] [id=29048]
  0x0000025b838a2800 ConcurrentGCThread "G1 Conc#1" [stack: 0x000000d79eb00000,0x000000d79ec00000] [id=22892]
  0x0000025bc27ee1c0 ConcurrentGCThread "G1 Refine#0" [stack: 0x000000d79c300000,0x000000d79c400000] [id=14264]
  0x0000025b8138bf40 ConcurrentGCThread "G1 Refine#1" [stack: 0x000000d79d300000,0x000000d79d400000] [id=16048]
  0x0000025be083f9f0 ConcurrentGCThread "G1 Service" [stack: 0x000000d79c400000,0x000000d79c500000] [id=21404]

Threads with active compile tasks:
C2 CompilerThread2    19552 3806   !   4       java.net.URLClassLoader::findClass (47 bytes)

VM state: not at safepoint (normal execution)

VM Mutex/Monitor currently owned by a thread: None

Heap address: 0x0000000080000000, size: 2048 MB, Compressed Oops mode: 32-bit

CDS archive(s) mapped at: [0x0000025be1000000-0x0000025be1bd0000-0x0000025be1bd0000), size 12386304, SharedBaseAddress: 0x0000025be1000000, ArchiveRelocationMode: 1.
Compressed class space mapped at: 0x0000025be2000000-0x0000025bfc000000, reserved size: 436207616
Narrow klass base: 0x0000025be1000000, Narrow klass shift: 0, Narrow klass range: 0x100000000

GC Precious Log:
 CPUs: 8 total, 8 available
 Memory: 16064M
 Large Page Support: Disabled
 NUMA Support: Disabled
 Compressed Oops: Enabled (32-bit)
 Heap Region Size: 1M
 Heap Min Capacity: 8M
 Heap Initial Capacity: 252M
 Heap Max Capacity: 2G
 Pre-touch: Disabled
 Parallel Workers: 8
 Concurrent Workers: 2
 Concurrent Refinement Workers: 8
 Periodic GC: Disabled

Heap:
 garbage-first heap   total 86016K, used 30539K [0x0000000080000000, 0x0000000100000000)
  region size 1024K, 5 young (5120K), 4 survivors (4096K)
 Metaspace       used 30803K, committed 31168K, reserved 491520K
  class space    used 4303K, committed 4480K, reserved 425984K

Heap Regions: E=young(eden), S=young(survivor), O=old, HS=humongous(starts), HC=humongous(continues), CS=collection set, F=free, OA=open archive, CA=closed archive, TAMS=top-at-mark-start (previous, next)
|   0|0x0000000080000000, 0x0000000080100000, 0x0000000080100000|100%|HS|  |TAMS 0x0000000080100000, 0x0000000080000000| Complete 
|   1|0x0000000080100000, 0x0000000080200000, 0x0000000080200000|100%|HC|  |TAMS 0x0000000080200000, 0x0000000080100000| Complete 
|   2|0x0000000080200000, 0x0000000080300000, 0x0000000080300000|100%|HC|  |TAMS 0x0000000080300000, 0x0000000080200000| Complete 
|   3|0x0000000080300000, 0x0000000080400000, 0x0000000080400000|100%| O|  |TAMS 0x0000000080400000, 0x0000000080300000| Untracked 
|   4|0x0000000080400000, 0x0000000080500000, 0x0000000080500000|100%| O|  |TAMS 0x0000000080500000, 0x0000000080400000| Untracked 
|   5|0x0000000080500000, 0x0000000080600000, 0x0000000080600000|100%| O|  |TAMS 0x0000000080600000, 0x0000000080500000| Untracked 
|   6|0x0000000080600000, 0x0000000080700000, 0x0000000080700000|100%|HS|  |TAMS 0x0000000080700000, 0x0000000080600000| Complete 
|   7|0x0000000080700000, 0x0000000080800000, 0x0000000080800000|100%| O|  |TAMS 0x0000000080700000, 0x0000000080700000| Untracked 
|   8|0x0000000080800000, 0x0000000080900000, 0x0000000080900000|100%| O|  |TAMS 0x0000000080900000, 0x0000000080800000| Untracked 
|   9|0x0000000080900000, 0x0000000080a00000, 0x0000000080a00000|100%| O|  |TAMS 0x0000000080a00000, 0x0000000080900000| Untracked 
|  10|0x0000000080a00000, 0x0000000080b00000, 0x0000000080b00000|100%| O|  |TAMS 0x0000000080b00000, 0x0000000080a00000| Untracked 
|  11|0x0000000080b00000, 0x0000000080c00000, 0x0000000080c00000|100%| O|  |TAMS 0x0000000080c00000, 0x0000000080b00000| Untracked 
|  12|0x0000000080c00000, 0x0000000080cba000, 0x0000000080d00000| 72%| O|  |TAMS 0x0000000080cba000, 0x0000000080c00000| Untracked 
|  13|0x0000000080d00000, 0x0000000080e00000, 0x0000000080e00000|100%| O|  |TAMS 0x0000000080d00000, 0x0000000080d00000| Untracked 
|  14|0x0000000080e00000, 0x0000000080f00000, 0x0000000080f00000|100%| O|  |TAMS 0x0000000080e00000, 0x0000000080e00000| Untracked 
|  15|0x0000000080f00000, 0x0000000081000000, 0x0000000081000000|100%| O|  |TAMS 0x0000000080f00000, 0x0000000080f00000| Untracked 
|  16|0x0000000081000000, 0x0000000081100000, 0x0000000081100000|100%| O|  |TAMS 0x0000000081000000, 0x0000000081000000| Untracked 
|  17|0x0000000081100000, 0x0000000081200000, 0x0000000081200000|100%| O|  |TAMS 0x0000000081100000, 0x0000000081100000| Untracked 
|  18|0x0000000081200000, 0x0000000081300000, 0x0000000081300000|100%| O|  |TAMS 0x0000000081200000, 0x0000000081200000| Untracked 
|  19|0x0000000081300000, 0x0000000081400000, 0x0000000081400000|100%| O|  |TAMS 0x0000000081300000, 0x0000000081300000| Untracked 
|  20|0x0000000081400000, 0x0000000081500000, 0x0000000081500000|100%| O|  |TAMS 0x0000000081400000, 0x0000000081400000| Untracked 
|  21|0x0000000081500000, 0x0000000081600000, 0x0000000081600000|100%| O|  |TAMS 0x0000000081500000, 0x0000000081500000| Untracked 
|  22|0x0000000081600000, 0x0000000081700000, 0x0000000081700000|100%| O|  |TAMS 0x0000000081600000, 0x0000000081600000| Untracked 
|  23|0x0000000081700000, 0x0000000081800000, 0x0000000081800000|100%| O|  |TAMS 0x0000000081700000, 0x0000000081700000| Untracked 
|  24|0x0000000081800000, 0x0000000081900000, 0x0000000081900000|100%| O|  |TAMS 0x0000000081800000, 0x0000000081800000| Untracked 
|  25|0x0000000081900000, 0x0000000081a00000, 0x0000000081a00000|100%| O|  |TAMS 0x0000000081900000, 0x0000000081900000| Untracked 
|  26|0x0000000081a00000, 0x0000000081aa2e00, 0x0000000081b00000| 63%| O|  |TAMS 0x0000000081a00000, 0x0000000081a00000| Untracked 
|  27|0x0000000081b00000, 0x0000000081b00000, 0x0000000081c00000|  0%| F|  |TAMS 0x0000000081b00000, 0x0000000081b00000| Untracked 
|  28|0x0000000081c00000, 0x0000000081c00000, 0x0000000081d00000|  0%| F|  |TAMS 0x0000000081c00000, 0x0000000081c00000| Untracked 
|  29|0x0000000081d00000, 0x0000000081d00000, 0x0000000081e00000|  0%| F|  |TAMS 0x0000000081d00000, 0x0000000081d00000| Untracked 
|  30|0x0000000081e00000, 0x0000000081e00000, 0x0000000081f00000|  0%| F|  |TAMS 0x0000000081e00000, 0x0000000081e00000| Untracked 
|  31|0x0000000081f00000, 0x0000000081f00000, 0x0000000082000000|  0%| F|  |TAMS 0x0000000081f00000, 0x0000000081f00000| Untracked 
|  32|0x0000000082000000, 0x0000000082000000, 0x0000000082100000|  0%| F|  |TAMS 0x0000000082000000, 0x0000000082000000| Untracked 
|  33|0x0000000082100000, 0x0000000082100000, 0x0000000082200000|  0%| F|  |TAMS 0x0000000082100000, 0x0000000082100000| Untracked 
|  34|0x0000000082200000, 0x0000000082200000, 0x0000000082300000|  0%| F|  |TAMS 0x0000000082200000, 0x0000000082200000| Untracked 
|  35|0x0000000082300000, 0x0000000082300000, 0x0000000082400000|  0%| F|  |TAMS 0x0000000082300000, 0x0000000082300000| Untracked 
|  36|0x0000000082400000, 0x0000000082400000, 0x0000000082500000|  0%| F|  |TAMS 0x0000000082400000, 0x0000000082400000| Untracked 
|  37|0x0000000082500000, 0x0000000082500000, 0x0000000082600000|  0%| F|  |TAMS 0x0000000082500000, 0x0000000082500000| Untracked 
|  38|0x0000000082600000, 0x0000000082600000, 0x0000000082700000|  0%| F|  |TAMS 0x0000000082600000, 0x0000000082600000| Untracked 
|  39|0x0000000082700000, 0x0000000082700000, 0x0000000082800000|  0%| F|  |TAMS 0x0000000082700000, 0x0000000082700000| Untracked 
|  40|0x0000000082800000, 0x0000000082800000, 0x0000000082900000|  0%| F|  |TAMS 0x0000000082800000, 0x0000000082800000| Untracked 
|  41|0x0000000082900000, 0x0000000082900000, 0x0000000082a00000|  0%| F|  |TAMS 0x0000000082900000, 0x0000000082900000| Untracked 
|  42|0x0000000082a00000, 0x0000000082a00000, 0x0000000082b00000|  0%| F|  |TAMS 0x0000000082a00000, 0x0000000082a00000| Untracked 
|  43|0x0000000082b00000, 0x0000000082b00000, 0x0000000082c00000|  0%| F|  |TAMS 0x0000000082b00000, 0x0000000082b00000| Untracked 
|  44|0x0000000082c00000, 0x0000000082c00000, 0x0000000082d00000|  0%| F|  |TAMS 0x0000000082c00000, 0x0000000082c00000| Untracked 
|  45|0x0000000082d00000, 0x0000000082d00000, 0x0000000082e00000|  0%| F|  |TAMS 0x0000000082d00000, 0x0000000082d00000| Untracked 
|  46|0x0000000082e00000, 0x0000000082e00000, 0x0000000082f00000|  0%| F|  |TAMS 0x0000000082e00000, 0x0000000082e00000| Untracked 
|  47|0x0000000082f00000, 0x0000000082f76190, 0x0000000083000000| 46%| S|CS|TAMS 0x0000000082f00000, 0x0000000082f00000| Complete 
|  48|0x0000000083000000, 0x0000000083100000, 0x0000000083100000|100%| S|CS|TAMS 0x0000000083000000, 0x0000000083000000| Complete 
|  49|0x0000000083100000, 0x0000000083200000, 0x0000000083200000|100%| S|CS|TAMS 0x0000000083100000, 0x0000000083100000| Complete 
|  50|0x0000000083200000, 0x0000000083300000, 0x0000000083300000|100%| S|CS|TAMS 0x0000000083200000, 0x0000000083200000| Complete 
|  51|0x0000000083300000, 0x0000000083300000, 0x0000000083400000|  0%| F|  |TAMS 0x0000000083300000, 0x0000000083300000| Untracked 
|  52|0x0000000083400000, 0x0000000083400000, 0x0000000083500000|  0%| F|  |TAMS 0x0000000083400000, 0x0000000083400000| Untracked 
|  53|0x0000000083500000, 0x0000000083500000, 0x0000000083600000|  0%| F|  |TAMS 0x0000000083500000, 0x0000000083500000| Untracked 
|  54|0x0000000083600000, 0x0000000083600000, 0x0000000083700000|  0%| F|  |TAMS 0x0000000083600000, 0x0000000083600000| Untracked 
|  55|0x0000000083700000, 0x0000000083700000, 0x0000000083800000|  0%| F|  |TAMS 0x0000000083700000, 0x0000000083700000| Untracked 
|  56|0x0000000083800000, 0x0000000083800000, 0x0000000083900000|  0%| F|  |TAMS 0x0000000083800000, 0x0000000083800000| Untracked 
|  57|0x0000000083900000, 0x0000000083900000, 0x0000000083a00000|  0%| F|  |TAMS 0x0000000083900000, 0x0000000083900000| Untracked 
|  58|0x0000000083a00000, 0x0000000083a00000, 0x0000000083b00000|  0%| F|  |TAMS 0x0000000083a00000, 0x0000000083a00000| Untracked 
|  59|0x0000000083b00000, 0x0000000083b00000, 0x0000000083c00000|  0%| F|  |TAMS 0x0000000083b00000, 0x0000000083b00000| Untracked 
|  60|0x0000000083c00000, 0x0000000083c00000, 0x0000000083d00000|  0%| F|  |TAMS 0x0000000083c00000, 0x0000000083c00000| Untracked 
|  61|0x0000000083d00000, 0x0000000083d00000, 0x0000000083e00000|  0%| F|  |TAMS 0x0000000083d00000, 0x0000000083d00000| Untracked 
|  62|0x0000000083e00000, 0x0000000083e00000, 0x0000000083f00000|  0%| F|  |TAMS 0x0000000083e00000, 0x0000000083e00000| Untracked 
|  63|0x0000000083f00000, 0x0000000083f00000, 0x0000000084000000|  0%| F|  |TAMS 0x0000000083f00000, 0x0000000083f00000| Untracked 
|  64|0x0000000084000000, 0x0000000084000000, 0x0000000084100000|  0%| F|  |TAMS 0x0000000084000000, 0x0000000084000000| Untracked 
|  65|0x0000000084100000, 0x0000000084100000, 0x0000000084200000|  0%| F|  |TAMS 0x0000000084100000, 0x0000000084100000| Untracked 
|  66|0x0000000084200000, 0x0000000084200000, 0x0000000084300000|  0%| F|  |TAMS 0x0000000084200000, 0x0000000084200000| Untracked 
|  67|0x0000000084300000, 0x0000000084300000, 0x0000000084400000|  0%| F|  |TAMS 0x0000000084300000, 0x0000000084300000| Untracked 
|  68|0x0000000084400000, 0x0000000084400000, 0x0000000084500000|  0%| F|  |TAMS 0x0000000084400000, 0x0000000084400000| Untracked 
|  69|0x0000000084500000, 0x0000000084500000, 0x0000000084600000|  0%| F|  |TAMS 0x0000000084500000, 0x0000000084500000| Untracked 
|  70|0x0000000084600000, 0x0000000084600000, 0x0000000084700000|  0%| F|  |TAMS 0x0000000084600000, 0x0000000084600000| Untracked 
| 129|0x0000000088100000, 0x0000000088100000, 0x0000000088200000|  0%| F|  |TAMS 0x0000000088100000, 0x0000000088100000| Untracked 
| 130|0x0000000088200000, 0x0000000088200000, 0x0000000088300000|  0%| F|  |TAMS 0x0000000088200000, 0x0000000088200000| Untracked 
| 131|0x0000000088300000, 0x0000000088300000, 0x0000000088400000|  0%| F|  |TAMS 0x0000000088300000, 0x0000000088300000| Untracked 
| 132|0x0000000088400000, 0x0000000088400000, 0x0000000088500000|  0%| F|  |TAMS 0x0000000088400000, 0x0000000088400000| Untracked 
| 133|0x0000000088500000, 0x0000000088500000, 0x0000000088600000|  0%| F|  |TAMS 0x0000000088500000, 0x0000000088500000| Untracked 
| 134|0x0000000088600000, 0x0000000088600000, 0x0000000088700000|  0%| F|  |TAMS 0x0000000088600000, 0x0000000088600000| Untracked 
| 135|0x0000000088700000, 0x0000000088700000, 0x0000000088800000|  0%| F|  |TAMS 0x0000000088700000, 0x0000000088700000| Untracked 
| 136|0x0000000088800000, 0x0000000088800000, 0x0000000088900000|  0%| F|  |TAMS 0x0000000088800000, 0x0000000088800000| Untracked 
| 137|0x0000000088900000, 0x0000000088900000, 0x0000000088a00000|  0%| F|  |TAMS 0x0000000088900000, 0x0000000088900000| Untracked 
| 138|0x0000000088a00000, 0x0000000088a00000, 0x0000000088b00000|  0%| F|  |TAMS 0x0000000088a00000, 0x0000000088a00000| Untracked 
| 139|0x0000000088b00000, 0x0000000088b00000, 0x0000000088c00000|  0%| F|  |TAMS 0x0000000088b00000, 0x0000000088b00000| Untracked 
| 140|0x0000000088c00000, 0x0000000088c00000, 0x0000000088d00000|  0%| F|  |TAMS 0x0000000088c00000, 0x0000000088c00000| Untracked 
| 251|0x000000008fb00000, 0x000000008fb89ed8, 0x000000008fc00000| 53%| E|  |TAMS 0x000000008fb00000, 0x000000008fb00000| Complete 

Card table byte_map: [0x0000025bd9720000,0x0000025bd9b20000] _byte_map_base: 0x0000025bd9320000

Marking Bits (Prev, Next): (CMBitMap*) 0x0000025bc2790de0, (CMBitMap*) 0x0000025bc2790da0
 Prev Bits: [0x0000025bdbf20000, 0x0000025bddf20000)
 Next Bits: [0x0000025bd9f20000, 0x0000025bdbf20000)

Polling page: 0x0000025bc05e0000

Metaspace:

Usage:
  Non-class:     25.89 MB used.
      Class:      4.21 MB used.
       Both:     30.09 MB used.

Virtual space:
  Non-class space:       64.00 MB reserved,      26.06 MB ( 41%) committed,  1 nodes.
      Class space:      416.00 MB reserved,       4.38 MB (  1%) committed,  1 nodes.
             Both:      480.00 MB reserved,      30.44 MB (  6%) committed. 

Chunk freelists:
   Non-Class:  5.20 MB
       Class:  11.66 MB
        Both:  16.86 MB

MaxMetaspaceSize: 512.00 MB
CompressedClassSpaceSize: 416.00 MB
Initial GC threshold: 21.00 MB
Current GC threshold: 35.12 MB
CDS: on
MetaspaceReclaimPolicy: balanced
 - commit_granule_bytes: 65536.
 - commit_granule_words: 8192.
 - virtual_space_node_default_size: 8388608.
 - enlarge_chunks_in_place: 1.
 - new_chunks_are_fully_committed: 0.
 - uncommit_free_chunks: 1.
 - use_allocation_guard: 0.
 - handle_deallocations: 1.


Internal statistics:

num_allocs_failed_limit: 3.
num_arena_births: 378.
num_arena_deaths: 0.
num_vsnodes_births: 2.
num_vsnodes_deaths: 0.
num_space_committed: 487.
num_space_uncommitted: 0.
num_chunks_returned_to_freelist: 3.
num_chunks_taken_from_freelist: 1489.
num_chunk_merges: 3.
num_chunk_splits: 979.
num_chunks_enlarged: 694.
num_inconsistent_stats: 0.

CodeHeap 'non-profiled nmethods': size=120000Kb used=2332Kb max_used=2332Kb free=117667Kb
 bounds [0x0000025bd1ac0000, 0x0000025bd1d30000, 0x0000025bd8ff0000]
CodeHeap 'profiled nmethods': size=120000Kb used=7896Kb max_used=7896Kb free=112103Kb
 bounds [0x0000025bc9ff0000, 0x0000025bca7b0000, 0x0000025bd1520000]
CodeHeap 'non-nmethods': size=5760Kb used=1606Kb max_used=1644Kb free=4153Kb
 bounds [0x0000025bd1520000, 0x0000025bd1790000, 0x0000025bd1ac0000]
 total_blobs=4533 nmethods=3870 adapters=574
 compilation: enabled
              stopped_count=0, restarted_count=0
 full_count=0

Compilation events (20 events):
Event: 18.434 Thread 0x0000025be0aba390 nmethod 3851 0x0000025bd1d00e10 code [0x0000025bd1d00fa0, 0x0000025bd1d01178]
Event: 18.435 Thread 0x0000025be0aba390 3852       4       com.google.common.io.CountingInputStream::read (33 bytes)
Event: 18.437 Thread 0x0000025be0aba390 nmethod 3852 0x0000025bd1d01390 code [0x0000025bd1d01520, 0x0000025bd1d01628]
Event: 18.450 Thread 0x0000025b830f1a50 nmethod 3829 0x0000025bd1d01790 code [0x0000025bd1d01ae0, 0x0000025bd1d03d08]
Event: 18.464 Thread 0x0000025be0abc8c0 3853       3       java.util.concurrent.atomic.AtomicReferenceArray::length (6 bytes)
Event: 18.465 Thread 0x0000025be0abc8c0 nmethod 3853 0x0000025bca79eb90 code [0x0000025bca79ed20, 0x0000025bca79ee38]
Event: 18.466 Thread 0x0000025be0aba390 3854       4       org.gradle.cache.internal.btree.BlockPointer::pos (56 bytes)
Event: 18.467 Thread 0x0000025be0aba390 nmethod 3854 0x0000025bd1d05510 code [0x0000025bd1d056a0, 0x0000025bd1d05798]
Event: 18.477 Thread 0x0000025be0abc8c0 3855       3       com.google.common.cache.LocalCache::expiresAfterWrite (15 bytes)
Event: 18.477 Thread 0x0000025be0abc8c0 nmethod 3855 0x0000025bca79ef10 code [0x0000025bca79f0a0, 0x0000025bca79f218]
Event: 18.480 Thread 0x0000025be0abc8c0 3856       3       java.security.MessageDigest::update (45 bytes)
Event: 18.480 Thread 0x0000025be0abc8c0 nmethod 3856 0x0000025bca79f290 code [0x0000025bca79f480, 0x0000025bca79f948]
Event: 18.834 Thread 0x0000025be0aba390 3858       4       jdk.internal.misc.Unsafe::putReferenceOpaque (9 bytes)
Event: 18.836 Thread 0x0000025be0aba390 nmethod 3858 0x0000025bd1d05b90 code [0x0000025bd1d05d00, 0x0000025bd1d05e38]
Event: 19.391 Thread 0x0000025be0abc8c0 3859       3       java.lang.management.ManagementFactory$$Lambda$73/0x0000025be2073060::apply (12 bytes)
Event: 19.487 Thread 0x0000025be0abc8c0 nmethod 3859 0x0000025bca79fb10 code [0x0000025bca79fce0, 0x0000025bca7a00f8]
Event: 19.487 Thread 0x0000025be0abc8c0 3860       3       java.lang.management.ManagementFactory::lambda$getPlatformMXBeans$3 (13 bytes)
Event: 19.487 Thread 0x0000025be0abc8c0 nmethod 3860 0x0000025bca7a0210 code [0x0000025bca7a03c0, 0x0000025bca7a0638]
Event: 19.488 Thread 0x0000025be0abc8c0 3861       3       sun.management.spi.PlatformMBeanProvider$PlatformComponent::getMBeans (87 bytes)
Event: 19.489 Thread 0x0000025be0abc8c0 nmethod 3861 0x0000025bca7a0710 code [0x0000025bca7a0a80, 0x0000025bca7a2138]

GC Heap History (10 events):
Event: 0.525 GC heap before
{Heap before GC invocations=0 (full 0):
 garbage-first heap   total 258048K, used 22528K [0x0000000080000000, 0x0000000100000000)
  region size 1024K, 23 young (23552K), 0 survivors (0K)
 Metaspace       used 1067K, committed 1216K, reserved 491520K
  class space    used 72K, committed 128K, reserved 425984K
}
Event: 0.528 GC heap after
{Heap after GC invocations=1 (full 0):
 garbage-first heap   total 258048K, used 2695K [0x0000000080000000, 0x0000000100000000)
  region size 1024K, 3 young (3072K), 3 survivors (3072K)
 Metaspace       used 1067K, committed 1216K, reserved 491520K
  class space    used 72K, committed 128K, reserved 425984K
}
Event: 1.674 GC heap before
{Heap before GC invocations=1 (full 0):
 garbage-first heap   total 258048K, used 39559K [0x0000000080000000, 0x0000000100000000)
  region size 1024K, 37 young (37888K), 3 survivors (3072K)
 Metaspace       used 4391K, committed 4544K, reserved 491520K
  class space    used 548K, committed 640K, reserved 425984K
}
Event: 1.679 GC heap after
{Heap after GC invocations=2 (full 0):
 garbage-first heap   total 258048K, used 10881K [0x0000000080000000, 0x0000000100000000)
  region size 1024K, 5 young (5120K), 5 survivors (5120K)
 Metaspace       used 4391K, committed 4544K, reserved 491520K
  class space    used 548K, committed 640K, reserved 425984K
}
Event: 2.729 GC heap before
{Heap before GC invocations=2 (full 0):
 garbage-first heap   total 258048K, used 56961K [0x0000000080000000, 0x0000000100000000)
  region size 1024K, 48 young (49152K), 5 survivors (5120K)
 Metaspace       used 4690K, committed 4928K, reserved 491520K
  class space    used 593K, committed 704K, reserved 425984K
}
Event: 2.736 GC heap after
{Heap after GC invocations=3 (full 0):
 garbage-first heap   total 258048K, used 16354K [0x0000000080000000, 0x0000000100000000)
  region size 1024K, 5 young (5120K), 5 survivors (5120K)
 Metaspace       used 4690K, committed 4928K, reserved 491520K
  class space    used 593K, committed 704K, reserved 425984K
}
Event: 15.477 GC heap before
{Heap before GC invocations=3 (full 0):
 garbage-first heap   total 258048K, used 123874K [0x0000000080000000, 0x0000000100000000)
  region size 1024K, 111 young (113664K), 5 survivors (5120K)
 Metaspace       used 21159K, committed 21504K, reserved 491520K
  class space    used 3066K, committed 3264K, reserved 425984K
}
Event: 15.491 GC heap after
{Heap after GC invocations=4 (full 0):
 garbage-first heap   total 258048K, used 23762K [0x0000000080000000, 0x0000000100000000)
  region size 1024K, 12 young (12288K), 12 survivors (12288K)
 Metaspace       used 21159K, committed 21504K, reserved 491520K
  class space    used 3066K, committed 3264K, reserved 425984K
}
Event: 17.324 GC heap before
{Heap before GC invocations=5 (full 0):
 garbage-first heap   total 86016K, used 62674K [0x0000000080000000, 0x0000000100000000)
  region size 1024K, 50 young (51200K), 12 survivors (12288K)
 Metaspace       used 27705K, committed 28096K, reserved 491520K
  class space    used 3895K, committed 4096K, reserved 425984K
}
Event: 17.341 GC heap after
{Heap after GC invocations=6 (full 0):
 garbage-first heap   total 86016K, used 26783K [0x0000000080000000, 0x0000000100000000)
  region size 1024K, 4 young (4096K), 4 survivors (4096K)
 Metaspace       used 27705K, committed 28096K, reserved 491520K
  class space    used 3895K, committed 4096K, reserved 425984K
}

Deoptimization events (20 events):
Event: 17.764 Thread 0x0000025be0bd5430 Uncommon trap: trap_request=0xffffff45 fr.pc=0x0000025bd1bcfc00 relative=0x00000000000000e0
Event: 17.764 Thread 0x0000025be0bd5430 Uncommon trap: reason=unstable_if action=reinterpret pc=0x0000025bd1bcfc00 method=java.lang.ClassLoader.getClassLoadingLock(Ljava/lang/String;)Ljava/lang/Object; @ 6 c2
Event: 17.764 Thread 0x0000025be0bd5430 DEOPT PACKING pc=0x0000025bd1bcfc00 sp=0x000000d79def8ef0
Event: 17.765 Thread 0x0000025be0bd5430 DEOPT UNPACKING pc=0x0000025bd1575ba3 sp=0x000000d79def8e90 mode 2
Event: 17.776 Thread 0x0000025be0bd5430 Uncommon trap: trap_request=0xffffff6e fr.pc=0x0000025bd1cd76b4 relative=0x0000000000000454
Event: 17.776 Thread 0x0000025be0bd5430 Uncommon trap: reason=loop_limit_check action=maybe_recompile pc=0x0000025bd1cd76b4 method=java.util.regex.Pattern$Start.match(Ljava/util/regex/Matcher;ILjava/lang/CharSequence;)Z @ 34 c2
Event: 17.777 Thread 0x0000025be0bd5430 DEOPT PACKING pc=0x0000025bd1cd76b4 sp=0x000000d79def8c30
Event: 17.777 Thread 0x0000025be0bd5430 DEOPT UNPACKING pc=0x0000025bd1575ba3 sp=0x000000d79def8b70 mode 2
Event: 18.112 Thread 0x0000025be0bd5430 Uncommon trap: trap_request=0xffffffde fr.pc=0x0000025bd1ada69c relative=0x000000000000019c
Event: 18.112 Thread 0x0000025be0bd5430 Uncommon trap: reason=class_check action=maybe_recompile pc=0x0000025bd1ada69c method=java.lang.String.equals(Ljava/lang/Object;)Z @ 8 c2
Event: 18.112 Thread 0x0000025be0bd5430 DEOPT PACKING pc=0x0000025bd1ada69c sp=0x000000d79defa930
Event: 18.112 Thread 0x0000025be0bd5430 DEOPT UNPACKING pc=0x0000025bd1575ba3 sp=0x000000d79defa8d8 mode 2
Event: 18.117 Thread 0x0000025be0bd5430 Uncommon trap: trap_request=0xffffffde fr.pc=0x0000025bd1ada69c relative=0x000000000000019c
Event: 18.117 Thread 0x0000025be0bd5430 Uncommon trap: reason=class_check action=maybe_recompile pc=0x0000025bd1ada69c method=java.lang.String.equals(Ljava/lang/Object;)Z @ 8 c2
Event: 18.117 Thread 0x0000025be0bd5430 DEOPT PACKING pc=0x0000025bd1ada69c sp=0x000000d79defa670
Event: 18.117 Thread 0x0000025be0bd5430 DEOPT UNPACKING pc=0x0000025bd1575ba3 sp=0x000000d79defa618 mode 2
Event: 18.292 Thread 0x0000025b81a86ef0 Uncommon trap: trap_request=0xffffff45 fr.pc=0x0000025bd1c80910 relative=0x0000000000005330
Event: 18.292 Thread 0x0000025b81a86ef0 Uncommon trap: reason=unstable_if action=reinterpret pc=0x0000025bd1c80910 method=java.util.concurrent.ConcurrentHashMap.get(Ljava/lang/Object;)Ljava/lang/Object; @ 86 c2
Event: 18.292 Thread 0x0000025b81a86ef0 DEOPT PACKING pc=0x0000025bd1c80910 sp=0x000000d79e2fe190
Event: 18.292 Thread 0x0000025b81a86ef0 DEOPT UNPACKING pc=0x0000025bd1575ba3 sp=0x000000d79e2fdf18 mode 2

Classes unloaded (0 events):
No events

Classes redefined (0 events):
No events

Internal exceptions (20 events):
Event: 16.846 Thread 0x0000025be0bd5430 Exception <a 'java/lang/NoSuchMethodError'{0x0000000082a2e460}: 'void java.lang.invoke.DirectMethodHandle$Holder.invokeStaticInit(java.lang.Object, java.lang.Object, java.lang.Object, java.lang.Object, java.lang.Object)'> (0x0000000082a2e460) 
thrown [s\open\src\hotspot\share\interpreter\linkResolver.cpp, line 759]
Event: 16.870 Thread 0x0000025be0bd5430 Exception <a 'java/lang/NoSuchMethodError'{0x0000000082a89b90}: 'int java.lang.invoke.DirectMethodHandle$Holder.invokeStaticInit(java.lang.Object, java.lang.Object, java.lang.Object, java.lang.Object)'> (0x0000000082a89b90) 
thrown [s\open\src\hotspot\share\interpreter\linkResolver.cpp, line 759]
Event: 17.416 Thread 0x0000025be0bd5430 Exception <a 'java/lang/ClassNotFoundException'{0x0000000088b171f0}: groovy/lang/ExpandoMetaClassBeanInfo> (0x0000000088b171f0) 
thrown [s\open\src\hotspot\share\classfile\systemDictionary.cpp, line 256]
Event: 17.418 Thread 0x0000025be0bd5430 Exception <a 'java/lang/ClassNotFoundException'{0x0000000088b2e518}: groovy/lang/MetaClassImplBeanInfo> (0x0000000088b2e518) 
thrown [s\open\src\hotspot\share\classfile\systemDictionary.cpp, line 256]
Event: 17.419 Thread 0x0000025be0bd5430 Exception <a 'java/lang/ClassNotFoundException'{0x0000000088b339b0}: java/lang/ObjectBeanInfo> (0x0000000088b339b0) 
thrown [s\open\src\hotspot\share\classfile\systemDictionary.cpp, line 256]
Event: 17.424 Thread 0x0000025be0bd5430 Exception <a 'java/lang/ClassNotFoundException'{0x0000000088b3a080}: java/lang/ObjectCustomizer> (0x0000000088b3a080) 
thrown [s\open\src\hotspot\share\classfile\systemDictionary.cpp, line 256]
Event: 17.429 Thread 0x0000025be0bd5430 Exception <a 'java/lang/IncompatibleClassChangeError'{0x0000000088b49b18}: Found class java.lang.Object, but interface was expected> (0x0000000088b49b18) 
thrown [s\open\src\hotspot\share\interpreter\linkResolver.cpp, line 826]
Event: 17.440 Thread 0x0000025be0bd5430 Exception <a 'java/lang/ClassNotFoundException'{0x0000000088b6fe58}: groovy/lang/MetaClassImplCustomizer> (0x0000000088b6fe58) 
thrown [s\open\src\hotspot\share\classfile\systemDictionary.cpp, line 256]
Event: 17.445 Thread 0x0000025be0bd5430 Exception <a 'java/lang/ClassNotFoundException'{0x0000000088ba68a8}: groovy/lang/ExpandoMetaClassCustomizer> (0x0000000088ba68a8) 
thrown [s\open\src\hotspot\share\classfile\systemDictionary.cpp, line 256]
Event: 18.009 Thread 0x0000025be0bd5430 Exception <a 'java/lang/ClassNotFoundException'{0x0000000083a46508}: org/gradle/internal/extensibility/DefaultExtraPropertiesExtensionBeanInfo> (0x0000000083a46508) 
thrown [s\open\src\hotspot\share\classfile\systemDictionary.cpp, line 256]
Event: 18.010 Thread 0x0000025be0bd5430 Exception <a 'java/lang/ClassNotFoundException'{0x0000000083a5d8d0}: groovy/lang/GroovyObjectSupportBeanInfo> (0x0000000083a5d8d0) 
thrown [s\open\src\hotspot\share\classfile\systemDictionary.cpp, line 256]
Event: 18.011 Thread 0x0000025be0bd5430 Exception <a 'java/lang/ClassNotFoundException'{0x0000000083a74f18}: groovy/lang/GroovyObjectSupportCustomizer> (0x0000000083a74f18) 
thrown [s\open\src\hotspot\share\classfile\systemDictionary.cpp, line 256]
Event: 18.014 Thread 0x0000025be0bd5430 Exception <a 'java/lang/ClassNotFoundException'{0x0000000083a8f368}: org/gradle/internal/extensibility/DefaultExtraPropertiesExtensionCustomizer> (0x0000000083a8f368) 
thrown [s\open\src\hotspot\share\classfile\systemDictionary.cpp, line 256]
Event: 18.082 Thread 0x0000025be0bd5430 Exception <a 'sun/nio/fs/WindowsException'{0x00000000839a26b0}> (0x00000000839a26b0) 
thrown [s\open\src\hotspot\share\prims\jni.cpp, line 516]
Event: 18.084 Thread 0x0000025be0bd5430 Exception <a 'sun/nio/fs/WindowsException'{0x00000000839a3c50}> (0x00000000839a3c50) 
thrown [s\open\src\hotspot\share\prims\jni.cpp, line 516]
Event: 18.089 Thread 0x0000025be0bd5430 Exception <a 'sun/nio/fs/WindowsException'{0x00000000839a51a8}> (0x00000000839a51a8) 
thrown [s\open\src\hotspot\share\prims\jni.cpp, line 516]
Event: 18.092 Thread 0x0000025be0bd5430 Exception <a 'sun/nio/fs/WindowsException'{0x00000000839a6708}> (0x00000000839a6708) 
thrown [s\open\src\hotspot\share\prims\jni.cpp, line 516]
Event: 18.257 Thread 0x0000025be0bd5430 Exception <a 'java/lang/IncompatibleClassChangeError'{0x000000008372ced8}: Found class java.lang.Object, but interface was expected> (0x000000008372ced8) 
thrown [s\open\src\hotspot\share\interpreter\linkResolver.cpp, line 826]
Event: 18.309 Thread 0x0000025be0bd5430 Exception <a 'java/lang/NoSuchMethodError'{0x00000000836418a8}: 'java.lang.Object java.lang.invoke.DirectMethodHandle$Holder.newInvokeSpecial(java.lang.Object, java.lang.Object, long)'> (0x00000000836418a8) 
thrown [s\open\src\hotspot\share\interpreter\linkResolver.cpp, line 759]
Event: 18.310 Thread 0x0000025be0bd5430 Exception <a 'java/lang/NoSuchMethodError'{0x0000000083646160}: 'java.lang.Object java.lang.invoke.Invokers$Holder.linkToTargetMethod(java.lang.Object, long, java.lang.Object)'> (0x0000000083646160) 
thrown [s\open\src\hotspot\share\interpreter\linkResolver.cpp, line 759]

VM Operations (20 events):
Event: 17.323 Executing VM operation: G1CollectForAllocation
Event: 17.341 Executing VM operation: G1CollectForAllocation done
Event: 17.591 Executing VM operation: HandshakeAllThreads
Event: 17.592 Executing VM operation: HandshakeAllThreads done
Event: 17.593 Executing VM operation: HandshakeAllThreads
Event: 17.593 Executing VM operation: HandshakeAllThreads done
Event: 17.610 Executing VM operation: HandshakeAllThreads
Event: 17.610 Executing VM operation: HandshakeAllThreads done
Event: 17.799 Executing VM operation: HandshakeAllThreads
Event: 17.799 Executing VM operation: HandshakeAllThreads done
Event: 18.253 Executing VM operation: HandshakeAllThreads
Event: 18.253 Executing VM operation: HandshakeAllThreads done
Event: 18.263 Executing VM operation: HandshakeAllThreads
Event: 18.263 Executing VM operation: HandshakeAllThreads done
Event: 18.286 Executing VM operation: ICBufferFull
Event: 18.288 Executing VM operation: ICBufferFull done
Event: 18.326 Executing VM operation: HandshakeAllThreads
Event: 18.326 Executing VM operation: HandshakeAllThreads done
Event: 19.328 Executing VM operation: Cleanup
Event: 19.328 Executing VM operation: Cleanup done

Events (20 events):
Event: 17.805 loading class jdk/internal/jrtfs/JrtDirectoryStream$1 done
Event: 17.806 loading class java/util/function/BooleanSupplier
Event: 17.806 loading class java/util/function/BooleanSupplier done
Event: 17.808 loading class jdk/internal/jimage/ImageReader$Resource
Event: 17.808 loading class jdk/internal/jimage/ImageReader$Resource done
Event: 17.884 Thread 0x0000025b82fefa80 Thread added: 0x0000025b82fefa80
Event: 17.997 loading class java/util/WeakHashMap$KeyIterator
Event: 17.998 loading class java/util/WeakHashMap$HashIterator
Event: 17.998 loading class java/util/WeakHashMap$HashIterator done
Event: 17.998 loading class java/util/WeakHashMap$KeyIterator done
Event: 18.080 loading class sun/nio/fs/WindowsPath$1
Event: 18.080 loading class sun/nio/fs/WindowsPath$1 done
Event: 18.081 loading class sun/nio/fs/WindowsException
Event: 18.082 loading class sun/nio/fs/WindowsException done
Event: 18.136 loading class java/io/StringReader
Event: 18.139 loading class java/io/StringReader done
Event: 18.167 loading class java/math/MutableBigInteger
Event: 18.170 loading class java/math/MutableBigInteger done
Event: 18.349 loading class java/nio/charset/CharacterCodingException
Event: 18.350 loading class java/nio/charset/CharacterCodingException done


Dynamic libraries:
0x00007ff7f8da0000 - 0x00007ff7f8db0000 	C:\Program Files\Java\jdk-17\bin\java.exe
0x00007fff1d2c0000 - 0x00007fff1d526000 	C:\WINDOWS\SYSTEM32\ntdll.dll
0x00007fff1c590000 - 0x00007fff1c659000 	C:\WINDOWS\System32\KERNEL32.DLL
0x00007fff1a610000 - 0x00007fff1aa0a000 	C:\WINDOWS\System32\KERNELBASE.dll
0x00007fff1aac0000 - 0x00007fff1ac0c000 	C:\WINDOWS\System32\ucrtbase.dll
0x00007ffee43e0000 - 0x00007ffee43f9000 	C:\Program Files\Java\jdk-17\bin\jli.dll
0x00007ffee8cd0000 - 0x00007ffee8ceb000 	C:\Program Files\Java\jdk-17\bin\VCRUNTIME140.dll
0x00007fff1b300000 - 0x00007fff1b3b6000 	C:\WINDOWS\System32\ADVAPI32.dll
0x00007fff1c8b0000 - 0x00007fff1c959000 	C:\WINDOWS\System32\msvcrt.dll
0x00007fff1b9c0000 - 0x00007fff1ba6a000 	C:\WINDOWS\System32\sechost.dll
0x00007fff1c670000 - 0x00007fff1c788000 	C:\WINDOWS\System32\RPCRT4.dll
0x00007fff1d0b0000 - 0x00007fff1d277000 	C:\WINDOWS\System32\USER32.dll
0x00007ffef9fd0000 - 0x00007ffefa262000 	C:\WINDOWS\WinSxS\amd64_microsoft.windows.common-controls_6595b64144ccf1df_6.0.26100.8521_none_3e08b75ce33403b3\COMCTL32.dll
0x00007fff1b250000 - 0x00007fff1b27b000 	C:\WINDOWS\System32\GDI32.dll
0x00007fff0a900000 - 0x00007fff0a90b000 	C:\WINDOWS\SYSTEM32\VERSION.dll
0x00007fff1ae40000 - 0x00007fff1ae67000 	C:\WINDOWS\System32\win32u.dll
0x00007fff1af00000 - 0x00007fff1b02b000 	C:\WINDOWS\System32\gdi32full.dll
0x00007fff1aa10000 - 0x00007fff1aab3000 	C:\WINDOWS\System32\msvcp_win.dll
0x00007fff1b980000 - 0x00007fff1b9b2000 	C:\WINDOWS\System32\IMM32.DLL
0x00007fff169a0000 - 0x00007fff169ac000 	C:\Program Files\Java\jdk-17\bin\vcruntime140_1.dll
0x00007ffeaceb0000 - 0x00007ffeacf3e000 	C:\Program Files\Java\jdk-17\bin\msvcp140.dll
0x00007ffe4d730000 - 0x00007ffe4e311000 	C:\Program Files\Java\jdk-17\bin\server\jvm.dll
0x00007fff1c960000 - 0x00007fff1c968000 	C:\WINDOWS\System32\PSAPI.DLL
0x00007fff11830000 - 0x00007fff11866000 	C:\WINDOWS\SYSTEM32\WINMM.dll
0x00007ffefa710000 - 0x00007ffefa71a000 	C:\WINDOWS\SYSTEM32\WSOCK32.dll
0x00007fff1b1c0000 - 0x00007fff1b240000 	C:\WINDOWS\System32\WS2_32.dll
0x00007fff192a0000 - 0x00007fff192bb000 	C:\WINDOWS\SYSTEM32\kernel.appcore.dll
0x00007fff14a10000 - 0x00007fff14a1a000 	C:\Program Files\Java\jdk-17\bin\jimage.dll
0x00007fff17b10000 - 0x00007fff17d52000 	C:\WINDOWS\SYSTEM32\DBGHELP.DLL
0x00007fff1b3c0000 - 0x00007fff1b743000 	C:\WINDOWS\System32\combase.dll
0x00007fff1c300000 - 0x00007fff1c3d9000 	C:\WINDOWS\System32\OLEAUT32.dll
0x00007ffef4950000 - 0x00007ffef498b000 	C:\WINDOWS\SYSTEM32\dbgcore.DLL
0x00007fff1ac10000 - 0x00007fff1acb8000 	C:\WINDOWS\System32\bcryptPrimitives.dll
0x00007ffef4690000 - 0x00007ffef469e000 	C:\Program Files\Java\jdk-17\bin\instrument.dll
0x00007ffee4370000 - 0x00007ffee4395000 	C:\Program Files\Java\jdk-17\bin\java.dll
0x00007ffe8fdc0000 - 0x00007ffe8fe97000 	C:\Program Files\Java\jdk-17\bin\jsvml.dll
0x00007fff1bb70000 - 0x00007fff1c2f4000 	C:\WINDOWS\System32\SHELL32.dll
0x00007fff180d0000 - 0x00007fff18950000 	C:\WINDOWS\SYSTEM32\windows.storage.dll
0x00007fff1c7b0000 - 0x00007fff1c8a6000 	C:\WINDOWS\System32\SHCORE.dll
0x00007fff1b150000 - 0x00007fff1b1b7000 	C:\WINDOWS\System32\shlwapi.dll
0x00007fff1a470000 - 0x00007fff1a499000 	C:\WINDOWS\SYSTEM32\profapi.dll
0x00007ffee3d20000 - 0x00007ffee3d38000 	C:\Program Files\Java\jdk-17\bin\zip.dll
0x00007ffee4070000 - 0x00007ffee4089000 	C:\Program Files\Java\jdk-17\bin\net.dll
0x00007fff0b4e0000 - 0x00007fff0b609000 	C:\WINDOWS\SYSTEM32\WINHTTP.dll
0x00007fff197f0000 - 0x00007fff1985c000 	C:\WINDOWS\system32\mswsock.dll
0x00007ffee4050000 - 0x00007ffee4066000 	C:\Program Files\Java\jdk-17\bin\nio.dll
0x00007fff0acc0000 - 0x00007fff0acd0000 	C:\Program Files\Java\jdk-17\bin\verify.dll
0x00007ffee3840000 - 0x00007ffee3867000 	C:\Users\HP\.gradle\native\1def1411415f61bf3af743bc5b6707747c0891f09f0c88961ee8f79bc544acac\windows-amd64\native-platform.dll
0x00007ffecac80000 - 0x00007ffecacf8000 	C:\Users\HP\.gradle\native\0.2.7\x86_64-windows-gnu\gradle-fileevents.dll
0x00007ffef6df0000 - 0x00007ffef6dfa000 	C:\Program Files\Java\jdk-17\bin\management.dll
0x00007ffef4cd0000 - 0x00007ffef4cdb000 	C:\Program Files\Java\jdk-17\bin\management_ext.dll
0x00007fff18c80000 - 0x00007fff18cb3000 	C:\WINDOWS\SYSTEM32\IPHLPAPI.DLL
0x00007fff1d0a0000 - 0x00007fff1d0aa000 	C:\WINDOWS\System32\NSI.dll
0x00007fff14b50000 - 0x00007fff14b6d000 	C:\WINDOWS\SYSTEM32\dhcpcsvc6.DLL
0x00007fff149b0000 - 0x00007fff149d5000 	C:\WINDOWS\SYSTEM32\dhcpcsvc.DLL
0x00007fff18d10000 - 0x00007fff18e5a000 	C:\WINDOWS\SYSTEM32\DNSAPI.dll
0x00007fff19630000 - 0x00007fff1963d000 	C:\WINDOWS\SYSTEM32\DSPARSE.dll
0x00007fff19bf0000 - 0x00007fff19c0b000 	C:\WINDOWS\SYSTEM32\CRYPTSP.dll
0x00007fff19200000 - 0x00007fff19239000 	C:\WINDOWS\system32\rsaenh.dll
0x00007fff198a0000 - 0x00007fff198d3000 	C:\WINDOWS\SYSTEM32\USERENV.dll
0x00007fff1a440000 - 0x00007fff1a46a000 	C:\WINDOWS\SYSTEM32\bcrypt.dll
0x00007fff19bd0000 - 0x00007fff19bdc000 	C:\WINDOWS\SYSTEM32\CRYPTBASE.dll
0x00007ffef45d0000 - 0x00007ffef45de000 	C:\Program Files\Java\jdk-17\bin\sunmscapi.dll
0x00007fff1acc0000 - 0x00007fff1ae38000 	C:\WINDOWS\System32\CRYPT32.dll
0x00007fff19d50000 - 0x00007fff19d80000 	C:\WINDOWS\SYSTEM32\ncrypt.dll
0x00007fff19d00000 - 0x00007fff19d3f000 	C:\WINDOWS\SYSTEM32\NTASN1.dll
0x00007ffefa670000 - 0x00007ffefa678000 	C:\WINDOWS\system32\wshunix.dll

dbghelp: loaded successfully - version: 4.0.5 - missing functions: none
symbol engine: initialized successfully - sym options: 0x614 - pdb path: .;C:\Program Files\Java\jdk-17\bin;C:\WINDOWS\SYSTEM32;C:\WINDOWS\WinSxS\amd64_microsoft.windows.common-controls_6595b64144ccf1df_6.0.26100.8521_none_3e08b75ce33403b3;C:\Program Files\Java\jdk-17\bin\server;C:\Users\HP\.gradle\native\1def1411415f61bf3af743bc5b6707747c0891f09f0c88961ee8f79bc544acac\windows-amd64;C:\Users\HP\.gradle\native\0.2.7\x86_64-windows-gnu

VM Arguments:
jvm_args: --add-opens=java.base/java.lang=ALL-UNNAMED --add-opens=java.base/java.lang.invoke=ALL-UNNAMED --add-opens=java.base/java.util=ALL-UNNAMED --add-opens=java.prefs/java.util.prefs=ALL-UNNAMED --add-exports=jdk.compiler/com.sun.tools.javac.api=ALL-UNNAMED --add-exports=jdk.compiler/com.sun.tools.javac.util=ALL-UNNAMED --add-opens=java.base/java.util=ALL-UNNAMED --add-opens=java.prefs/java.util.prefs=ALL-UNNAMED --add-opens=java.base/java.nio.charset=ALL-UNNAMED --add-opens=java.base/java.net=ALL-UNNAMED --add-opens=java.base/java.util.concurrent.atomic=ALL-UNNAMED --add-opens=java.xml/javax.xml.namespace=ALL-UNNAMED -XX:MaxMetaspaceSize=512m -Xmx2048m -Dfile.encoding=windows-1252 -Duser.country=US -Duser.language=en -Duser.variant -javaagent:C:\Users\HP\.gradle\wrapper\dists\gradle-8.13-bin\5xuhj0ry160q40clulazy9h7d\gradle-8.13\lib\agents\gradle-instrumentation-agent-8.13.jar 
java_command: org.gradle.launcher.daemon.bootstrap.GradleDaemon 8.13
java_class_path (initial): C:\Users\HP\.gradle\wrapper\dists\gradle-8.13-bin\5xuhj0ry160q40clulazy9h7d\gradle-8.13\lib\gradle-daemon-main-8.13.jar
Launcher Type: SUN_STANDARD

[Global flags]
     intx CICompilerCount                          = 4                                         {product} {ergonomic}
   size_t CompressedClassSpaceSize                 = 436207616                                 {product} {ergonomic}
     uint ConcGCThreads                            = 2                                         {product} {ergonomic}
     uint G1ConcRefinementThreads                  = 8                                         {product} {ergonomic}
   size_t G1HeapRegionSize                         = 1048576                                   {product} {ergonomic}
    uintx GCDrainStackTargetSize                   = 64                                        {product} {ergonomic}
   size_t InitialHeapSize                          = 264241152                                 {product} {ergonomic}
   size_t MarkStackSize                            = 4194304                                   {product} {ergonomic}
   size_t MaxHeapSize                              = 2147483648                                {product} {command line}
   size_t MaxMetaspaceSize                         = 536870912                                 {product} {command line}
   size_t MaxNewSize                               = 1287651328                                {product} {ergonomic}
   size_t MinHeapDeltaBytes                        = 1048576                                   {product} {ergonomic}
   size_t MinHeapSize                              = 8388608                                   {product} {ergonomic}
    uintx NonNMethodCodeHeapSize                   = 5839372                                {pd product} {ergonomic}
    uintx NonProfiledCodeHeapSize                  = 122909434                              {pd product} {ergonomic}
    uintx ProfiledCodeHeapSize                     = 122909434                              {pd product} {ergonomic}
    uintx ReservedCodeCacheSize                    = 251658240                              {pd product} {ergonomic}
     bool SegmentedCodeCache                       = true                                      {product} {ergonomic}
   size_t SoftMaxHeapSize                          = 2147483648                             {manageable} {ergonomic}
     bool UseCompressedClassPointers               = true                           {product lp64_product} {ergonomic}
     bool UseCompressedOops                        = true                           {product lp64_product} {ergonomic}
     bool UseG1GC                                  = true                                      {product} {ergonomic}
     bool UseLargePagesIndividualAllocation        = false                                  {pd product} {ergonomic}

Logging:
Log output configuration:
 #0: stdout all=warning uptime,level,tags
 #1: stderr all=off uptime,level,tags

Environment Variables:
JAVA_HOME=C:\Program Files\Java\jdk-17
CLASSPATH=D:\Office\Kamran Qudeer\evenlyo Project\evenlyo-app\android\\gradle\wrapper\gradle-wrapper.jar
PATH=C:\Users\HP\AppData\Local\Temp\yarn--1783923947590-0.746429121976609;D:\Office\Kamran Qudeer\evenlyo Project\evenlyo-app\node_modules\.bin;C:\Users\HP\AppData\Local\Yarn\Data\link\node_modules\.bin;C:\nvm4w\libexec\lib\node_modules\npm\bin\node-gyp-bin;C:\nvm4w\lib\node_modules\npm\bin\node-gyp-bin;C:\nvm4w\nodejs\node_modules\npm\bin\node-gyp-bin;C:\Program Files\Common Files\Oracle\Java\javapath;C:\WINDOWS\system32;C:\WINDOWS;C:\WINDOWS\System32\Wbem;C:\WINDOWS\System32\WindowsPowerShell\v1.0\;C:\WINDOWS\System32\OpenSSH\;C:\Program Files\Git\cmd;C:\Users\HP\AppData\Local\Android\Sdk\platform-tools;C:\Users\HP\AppData\Local\Android\Sdk\emulator;C:\Users\HP\AppData\Local\Android\Sdk\tools;C:\Users\HP\AppData\Local\Android\Sdk\tools\bin;C:\Program Files\Java\jdk-17\bin;C:\Program Files\cursor\resources\app\bin;C:\Users\HP\AppData\Local\nvm;C:\nvm4w\nodejs;C:\nvm4w\nodejs;C:\Users\HP\AppData\Local\Microsoft\WindowsApps;C:\Users\HP\AppData\Roaming\npm;C:\Users\HP\AppData\Local\Android\Sdk\platform-tools;C:\Users\HP\AppData\Local\Programs\mongosh\;C:\Users\HP\AppData\Local\nvm;C:\nvm4w\nodejs;C:\Users\HP\AppData\Local\Yarn\bin;C:\Users\HP\AppData\Local\Programs\Microsoft VS Code\bin;C:\Program Files\heroku\bin
USERNAME=HP
OS=Windows_NT
PROCESSOR_IDENTIFIER=Intel64 Family 6 Model 140 Stepping 1, GenuineIntel



---------------  S Y S T E M  ---------------

OS:
 Windows 11 , 64 bit Build 26100 (10.0.26100.8521)
OS uptime: 2 days 21:09 hours
Hyper-V role detected

CPU: total 8 (initial active 8) (4 cores per cpu, 2 threads per core) family 6 model 140 stepping 1 microcode 0xbe, cx8, cmov, fxsr, ht, mmx, 3dnowpref, sse, sse2, sse3, ssse3, sse4.1, sse4.2, popcnt, lzcnt, tsc, tscinvbit, avx, avx2, aes, erms, clmul, bmi1, bmi2, adx, avx512f, avx512dq, avx512cd, avx512bw, avx512vl, sha, fma, vzeroupper, avx512_vpopcntdq, avx512_vpclmulqdq, avx512_vaes, avx512_vnni, clflush, clflushopt, clwb, avx512_vbmi2, avx512_vbmi, hv

Memory: 4k page, system-wide physical 16064M (4720M free)
TotalPageFile size 49397M (AvailPageFile size 1M)
current process WorkingSet (physical memory assigned to process): 225M, peak: 250M
current process commit charge ("private bytes"): 271M, peak: 422M

vm_info: Java HotSpot(TM) 64-Bit Server VM (17.0.13+10-LTS-268) for windows-amd64 JRE (17.0.13+10-LTS-268), built on Sep 30 2024 06:33:13 by "mach5one" with MS VC++ 17.6 (VS2022)

END.
